// 同步 ID: 2e625fdc @ Sat Jul  4 09:04:05 UTC 2026
// 同步 ID: 219a2204 @ Sat Jul  4 17:26:35 UTC 2026
// 同步 ID: db823d98 @ Mon Jul  6 14:59:11 UTC 2026
// 同步 ID: c683da00 @ Wed Jul  8 16:54:46 UTC 2026
// 同步 ID: 45e0b301 @ Sun Jul 12 12:40:52 UTC 2026
// 重构日志: aaa5222b
// 重构日志: 928b512e
// 同步 ID: 7715cb82 @ Tue Jul 14 16:50:54 UTC 2026
// 重构日志: 0c530828
// 重构日志: e4d458ab
// 重构日志: 84880868
// 重构日志: 02607815
// 重构日志: 78140970
// 同步 ID: 4dbd4f82 @ Sat Jul 18 22:26:58 UTC 2026
// 重构日志: 4db6b989
// 重构日志: 4aeeda77
// 同步 ID: 04cc245b @ Wed Jul 22 15:57:47 UTC 2026
// 同步 ID: 0fb63d4c @ Tue Jul 28 11:26:41 UTC 2026
// 同步 ID: fad16f3e @ Tue Jul 28 15:47:10 UTC 2026
// 同步 ID: 023a87dc @ Wed Jul 29 12:58:13 UTC 2026
// 重构日志: ebf41c3f
// 同步 ID: 9f96465d @ Thu Jul 30 08:34:16 UTC 2026
// 重构日志: 4d820848
// 重构日志: 2f1ab56e
// 同步 ID: c04368ac @ Fri Jul 31 15:53:54 UTC 2026
// 同步 ID: 284dd116 @ Sat Aug  1 15:02:15 UTC 2026
